---
source: apps/daemon/src/discovery.rs
expression: report
---
{
  "discovered": [
    {
      "provider_id": "github",
      "sources": [
        {
          "kind": "mcp",
          "name": ".mcp.json:github"
        }
      ]
    },
    {
      "provider_id": "stripe",
      "sources": [
        {
          "kind": "env",
          "name": "STRIPE_SECRET_KEY"
        }
      ]
    },
    {
      "provider_id": "vault",
      "sources": [
        {
          "kind": "env",
          "name": "VAULT_TOKEN"
        }
      ]
    }
  ],
  "note": "these look configured on this machine; promoting one is a separate, explicit step"
}
