---
source: crates/provider-bitwarden/tests/api_stub.rs
expression: listing
---
[
  {
    "id": "33333333-3333-4333-8333-333333333333",
    "name": "Router",
    "folder": null,
    "kind": "login",
    "username": "admin",
    "uris": []
  },
  {
    "id": "44444444-4444-4444-8444-444444444444",
    "name": "Door code",
    "folder": "Work",
    "kind": "secure_note",
    "username": null,
    "uris": []
  },
  {
    "id": "22222222-2222-4222-8222-222222222222",
    "name": "GitHub",
    "folder": "Work",
    "kind": "login",
    "username": "octocat",
    "uris": [
      "https://github.com",
      "https://api.github.com"
    ]
  }
]
